Archive member included to satisfy reference by file (symbol)

C:/ST/STM32CubeIDE_2.1.1/STM32CubeIDE/plugins/com.st.stm32cube.ide.mcu.externaltools.gnu-tools-for-stm32.14.3.rel1.win32_1.0.100.202602081740/tools/bin/../lib/gcc/arm-none-eabi/14.3.1/../../../../arm-none-eabi/lib/thumb/v7e-m+fp/hard\libc_nano.a(libc_a-exit.o)
                              C:/ST/STM32CubeIDE_2.1.1/STM32CubeIDE/plugins/com.st.stm32cube.ide.mcu.externaltools.gnu-tools-for-stm32.14.3.rel1.win32_1.0.100.202602081740/tools/bin/../lib/gcc/arm-none-eabi/14.3.1/../../../../arm-none-eabi/lib/thumb/v7e-m+fp/hard/crt0.o (exit)
C:/ST/STM32CubeIDE_2.1.1/STM32CubeIDE/plugins/com.st.stm32cube.ide.mcu.externaltools.gnu-tools-for-stm32.14.3.rel1.win32_1.0.100.202602081740/tools/bin/../lib/gcc/arm-none-eabi/14.3.1/../../../../arm-none-eabi/lib/thumb/v7e-m+fp/hard\libc_nano.a(libc_a-findfp.o)
                              C:/ST/STM32CubeIDE_2.1.1/STM32CubeIDE/plugins/com.st.stm32cube.ide.mcu.externaltools.gnu-tools-for-stm32.14.3.rel1.win32_1.0.100.202602081740/tools/bin/../lib/gcc/arm-none-eabi/14.3.1/../../../../arm-none-eabi/lib/thumb/v7e-m+fp/hard\libc_nano.a(libc_a-exit.o) (__stdio_exit_handler)
C:/ST/STM32CubeIDE_2.1.1/STM32CubeIDE/plugins/com.st.stm32cube.ide.mcu.externaltools.gnu-tools-for-stm32.14.3.rel1.win32_1.0.100.202602081740/tools/bin/../lib/gcc/arm-none-eabi/14.3.1/../../../../arm-none-eabi/lib/thumb/v7e-m+fp/hard\libc_nano.a(libc_a-fwalk.o)
                              C:/ST/STM32CubeIDE_2.1.1/STM32CubeIDE/plugins/com.st.stm32cube.ide.mcu.externaltools.gnu-tools-for-stm32.14.3.rel1.win32_1.0.100.202602081740/tools/bin/../lib/gcc/arm-none-eabi/14.3.1/../../../../arm-none-eabi/lib/thumb/v7e-m+fp/hard\libc_nano.a(libc_a-findfp.o) (_fwalk_sglue)
C:/ST/STM32CubeIDE_2.1.1/STM32CubeIDE/plugins/com.st.stm32cube.ide.mcu.externaltools.gnu-tools-for-stm32.14.3.rel1.win32_1.0.100.202602081740/tools/bin/../lib/gcc/arm-none-eabi/14.3.1/../../../../arm-none-eabi/lib/thumb/v7e-m+fp/hard\libc_nano.a(libc_a-stdio.o)
                              C:/ST/STM32CubeIDE_2.1.1/STM32CubeIDE/plugins/com.st.stm32cube.ide.mcu.externaltools.gnu-tools-for-stm32.14.3.rel1.win32_1.0.100.202602081740/tools/bin/../lib/gcc/arm-none-eabi/14.3.1/../../../../arm-none-eabi/lib/thumb/v7e-m+fp/hard\libc_nano.a(libc_a-findfp.o) (__sread)
C:/ST/STM32CubeIDE_2.1.1/STM32CubeIDE/plugins/com.st.stm32cube.ide.mcu.externaltools.gnu-tools-for-stm32.14.3.rel1.win32_1.0.100.202602081740/tools/bin/../lib/gcc/arm-none-eabi/14.3.1/../../../../arm-none-eabi/lib/thumb/v7e-m+fp/hard\libc_nano.a(libc_a-memset.o)
                              C:/ST/STM32CubeIDE_2.1.1/STM32CubeIDE/plugins/com.st.stm32cube.ide.mcu.externaltools.gnu-tools-for-stm32.14.3.rel1.win32_1.0.100.202602081740/tools/bin/../lib/gcc/arm-none-eabi/14.3.1/../../../../arm-none-eabi/lib/thumb/v7e-m+fp/hard/crt0.o (memset)
C:/ST/STM32CubeIDE_2.1.1/STM32CubeIDE/plugins/com.st.stm32cube.ide.mcu.externaltools.gnu-tools-for-stm32.14.3.rel1.win32_1.0.100.202602081740/tools/bin/../lib/gcc/arm-none-eabi/14.3.1/../../../../arm-none-eabi/lib/thumb/v7e-m+fp/hard\libc_nano.a(libc_a-closer.o)
                              C:/ST/STM32CubeIDE_2.1.1/STM32CubeIDE/plugins/com.st.stm32cube.ide.mcu.externaltools.gnu-tools-for-stm32.14.3.rel1.win32_1.0.100.202602081740/tools/bin/../lib/gcc/arm-none-eabi/14.3.1/../../../../arm-none-eabi/lib/thumb/v7e-m+fp/hard\libc_nano.a(libc_a-stdio.o) (_close_r)
C:/ST/STM32CubeIDE_2.1.1/STM32CubeIDE/plugins/com.st.stm32cube.ide.mcu.externaltools.gnu-tools-for-stm32.14.3.rel1.win32_1.0.100.202602081740/tools/bin/../lib/gcc/arm-none-eabi/14.3.1/../../../../arm-none-eabi/lib/thumb/v7e-m+fp/hard\libc_nano.a(libc_a-reent.o)
                              C:/ST/STM32CubeIDE_2.1.1/STM32CubeIDE/plugins/com.st.stm32cube.ide.mcu.externaltools.gnu-tools-for-stm32.14.3.rel1.win32_1.0.100.202602081740/tools/bin/../lib/gcc/arm-none-eabi/14.3.1/../../../../arm-none-eabi/lib/thumb/v7e-m+fp/hard\libc_nano.a(libc_a-closer.o) (errno)
C:/ST/STM32CubeIDE_2.1.1/STM32CubeIDE/plugins/com.st.stm32cube.ide.mcu.externaltools.gnu-tools-for-stm32.14.3.rel1.win32_1.0.100.202602081740/tools/bin/../lib/gcc/arm-none-eabi/14.3.1/../../../../arm-none-eabi/lib/thumb/v7e-m+fp/hard\libc_nano.a(libc_a-impure.o)
                              C:/ST/STM32CubeIDE_2.1.1/STM32CubeIDE/plugins/com.st.stm32cube.ide.mcu.externaltools.gnu-tools-for-stm32.14.3.rel1.win32_1.0.100.202602081740/tools/bin/../lib/gcc/arm-none-eabi/14.3.1/../../../../arm-none-eabi/lib/thumb/v7e-m+fp/hard\libc_nano.a(libc_a-reent.o) (_impure_ptr)
C:/ST/STM32CubeIDE_2.1.1/STM32CubeIDE/plugins/com.st.stm32cube.ide.mcu.externaltools.gnu-tools-for-stm32.14.3.rel1.win32_1.0.100.202602081740/tools/bin/../lib/gcc/arm-none-eabi/14.3.1/../../../../arm-none-eabi/lib/thumb/v7e-m+fp/hard\libc_nano.a(libc_a-lseekr.o)
[...]
Memory Configuration

Name             Origin             Length             Attributes
RAM              0x20000000         0x00008000         xrw
FLASH            0x08000000         0x00020000         xr
*default*        0x00000000         0xffffffff

Linker script and memory map

LOAD C:/ST/STM32CubeIDE_2.1.1/STM32CubeIDE/plugins/com.st.stm32cube.ide.mcu.externaltools.gnu-tools-for-stm32.14.3.rel1.win32_1.0.100.202602081740/tools/bin/../lib/gcc/arm-none-eabi/14.3.1/thumb/v7e-m+fp/hard/crti.o
LOAD C:/ST/STM32CubeIDE_2.1.1/STM32CubeIDE/plugins/com.st.stm32cube.ide.mcu.externaltools.gnu-tools-for-stm32.14.3.rel1.win32_1.0.100.202602081740/tools/bin/../lib/gcc/arm-none-eabi/14.3.1/thumb/v7e-m+fp/hard/crtbegin.o
LOAD C:/ST/STM32CubeIDE_2.1.1/STM32CubeIDE/plugins/com.st.stm32cube.ide.mcu.externaltools.gnu-tools-for-stm32.14.3.rel1.win32_1.0.100.202602081740/tools/bin/../lib/gcc/arm-none-eabi/14.3.1/../../../../arm-none-eabi/lib/thumb/v7e-m+fp/hard/crt0.o
LOAD ./Core/Src/hall_sensor.o
LOAD ./Core/Src/lp_filter.o
LOAD ./Core/Src/main.o
LOAD ./Core/Src/motor_control.o
LOAD ./Core/Src/pid.o
LOAD ./Core/Src/reg.o
LOAD ./Core/Src/stm32g4xx_hal_msp.o
LOAD ./Core/Src/stm32g4xx_it.o
LOAD ./Core/Src/syscalls.o
LOAD ./Core/Src/sysmem.o
LOAD ./Core/Src/system_stm32g4xx.o
LOAD ./Core/Src/user.o
LOAD ./Core/Startup/startup_stm32g431vbtx.o
LOAD ./Drivers/STM32G4xx_HAL_Driver/Src/stm32g4xx_hal.o
LOAD ./Drivers/STM32G4xx_HAL_Driver/Src/stm32g4xx_hal_cortex.o
LOAD ./Drivers/STM32G4xx_HAL_Driver/Src/stm32g4xx_hal_dma.o
LOAD ./Drivers/STM32G4xx_HAL_Driver/Src/stm32g4xx_hal_dma_ex.o
LOAD ./Drivers/STM32G4xx_HAL_Driver/Src/stm32g4xx_hal_exti.o
LOAD ./Drivers/STM32G4xx_HAL_Driver/Src/stm32g4xx_hal_flash.o
LOAD ./Drivers/STM32G4xx_HAL_Driver/Src/stm32g4xx_hal_flash_ex.o
LOAD ./Drivers/STM32G4xx_HAL_Driver/Src/stm32g4xx_hal_flash_ramfunc.o
LOAD ./Drivers/STM32G4xx_HAL_Driver/Src/stm32g4xx_hal_gpio.o
LOAD ./Drivers/STM32G4xx_HAL_Driver/Src/stm32g4xx_hal_pwr.o
LOAD ./Drivers/STM32G4xx_HAL_Driver/Src/stm32g4xx_hal_pwr_ex.o
LOAD ./Drivers/STM32G4xx_HAL_Driver/Src/stm32g4xx_hal_rcc.o
LOAD ./Drivers/STM32G4xx_HAL_Driver/Src/stm32g4xx_hal_rcc_ex.o
LOAD ./Drivers/STM32G4xx_HAL_Driver/Src/stm32g4xx_hal_tim.o
LOAD ./Drivers/STM32G4xx_HAL_Driver/Src/stm32g4xx_hal_tim_ex.o
LOAD ./Drivers/STM32G4xx_HAL_Driver/Src/stm32g4xx_ll_dma.o
LOAD ./Drivers/STM32G4xx_HAL_Driver/Src/stm32g4xx_ll_exti.o
LOAD ./Drivers/STM32G4xx_HAL_Driver/Src/stm32g4xx_ll_gpio.o
LOAD ./Drivers/STM32G4xx_HAL_Driver/Src/stm32g4xx_ll_i2c.o
LOAD ./Drivers/STM32G4xx_HAL_Driver/Src/stm32g4xx_ll_rcc.o
LOAD ./Drivers/STM32G4xx_HAL_Driver/Src/stm32g4xx_ll_utils.o
START GROUP
LOAD C:/ST/STM32CubeIDE_2.1.1/STM32CubeIDE/plugins/com.st.stm32cube.ide.mcu.externaltools.gnu-tools-for-stm32.14.3.rel1.win32_1.0.100.202602081740/tools/bin/../lib/gcc/arm-none-eabi/14.3.1/../../../../arm-none-eabi/lib/thumb/v7e-m+fp/hard\libc_nano.a
LOAD C:/ST/STM32CubeIDE_2.1.1/STM32CubeIDE/plugins/com.st.stm32cube.ide.mcu.externaltools.gnu-tools-for-stm32.14.3.rel1.win32_1.0.100.202602081740/tools/bin/../lib/gcc/arm-none-eabi/14.3.1/../../../../arm-none-eabi/lib/thumb/v7e-m+fp/hard\libm.a
END GROUP
START GROUP
LOAD C:/ST/STM32CubeIDE_2.1.1/STM32CubeIDE/plugins/com.st.stm32cube.ide.mcu.externaltools.gnu-tools-for-stm32.14.3.rel1.win32_1.0.100.202602081740/tools/bin/../lib/gcc/arm-none-eabi/14.3.1/thumb/v7e-m+fp/hard\libgcc.a
LOAD C:/ST/STM32CubeIDE_2.1.1/STM32CubeIDE/plugins/com.st.stm32cube.ide.mcu.externaltools.gnu-tools-for-stm32.14.3.rel1.win32_1.0.100.202602081740/tools/bin/../lib/gcc/arm-none-eabi/14.3.1/../../../../arm-none-eabi/lib/thumb/v7e-m+fp/hard\libc_nano.a
END GROUP
START GROUP
LOAD C:/ST/STM32CubeIDE_2.1.1/STM32CubeIDE/plugins/com.st.stm32cube.ide.mcu.externaltools.gnu-tools-for-stm32.14.3.rel1.win32_1.0.100.202602081740/tools/bin/../lib/gcc/arm-none-eabi/14.3.1/thumb/v7e-m+fp/hard\libgcc.a
LOAD C:/ST/STM32CubeIDE_2.1.1/STM32CubeIDE/plugins/com.st.stm32cube.ide.mcu.externaltools.gnu-tools-for-stm32.14.3.rel1.win32_1.0.100.202602081740/tools/bin/../lib/gcc/arm-none-eabi/14.3.1/../../../../arm-none-eabi/lib/thumb/v7e-m+fp/hard\libc_nano.a
LOAD C:/ST/STM32CubeIDE_2.1.1/STM32CubeIDE/plugins/com.st.stm32cube.ide.mcu.externaltools.gnu-tools-for-stm32.14.3.rel1.win32_1.0.100.202602081740/tools/bin/../lib/gcc/arm-none-eabi/14.3.1/../../../../arm-none-eabi/lib/thumb/v7e-m+fp/hard\libnosys.a
END GROUP
START GROUP
LOAD C:/ST/STM32CubeIDE_2.1.1/STM32CubeIDE/plugins/com.st.stm32cube.ide.mcu.externaltools.gnu-tools-for-stm32.14.3.rel1.win32_1.0.100.202602081740/tools/bin/../lib/gcc/arm-none-eabi/14.3.1/thumb/v7e-m+fp/hard\libgcc.a
LOAD C:/ST/STM32CubeIDE_2.1.1/STM32CubeIDE/plugins/com.st.stm32cube.ide.mcu.externaltools.gnu-tools-for-stm32.14.3.rel1.win32_1.0.100.202602081740/tools/bin/../lib/gcc/arm-none-eabi/14.3.1/../../../../arm-none-eabi/lib/thumb/v7e-m+fp/hard\libc_nano.a
LOAD C:/ST/STM32CubeIDE_2.1.1/STM32CubeIDE/plugins/com.st.stm32cube.ide.mcu.externaltools.gnu-tools-for-stm32.14.3.rel1.win32_1.0.100.202602081740/tools/bin/../lib/gcc/arm-none-eabi/14.3.1/../../../../arm-none-eabi/lib/thumb/v7e-m+fp/hard\libnosys.a
END GROUP
LOAD C:/ST/STM32CubeIDE_2.1.1/STM32CubeIDE/plugins/com.st.stm32cube.ide.mcu.externaltools.gnu-tools-for-stm32.14.3.rel1.win32_1.0.100.202602081740/tools/bin/../lib/gcc/arm-none-eabi/14.3.1/thumb/v7e-m+fp/hard/crtend.o
LOAD C:/ST/STM32CubeIDE_2.1.1/STM32CubeIDE/plugins/com.st.stm32cube.ide.mcu.externaltools.gnu-tools-for-stm32.14.3.rel1.win32_1.0.100.202602081740/tools/bin/../lib/gcc/arm-none-eabi/14.3.1/thumb/v7e-m+fp/hard/crtn.o
                0x20008000                        _estack = (ORIGIN (RAM) + LENGTH (RAM))
                0x00000200                        _Min_Heap_Size = 0x200
                0x00000400                        _Min_Stack_Size = 0x400

.isr_vector     0x08000000      0x1d8
                0x08000000                        . = ALIGN (0x4)
 *(.isr_vector)
 .isr_vector    0x08000000      0x1d8 ./Core/Startup/startup_stm32g431vbtx.o
                0x08000000                g_pfnVectors
                0x080001d8                        . = ALIGN (0x4)

.text           0x080001d8     0x5058
                0x080001d8                        . = ALIGN (0x4)
 *(.text)
 .text          0x080001d8       0x40 C:/ST/STM32CubeIDE_2.1.1/STM32CubeIDE/plugins/com.st.stm32cube.ide.mcu.externaltools.gnu-tools-for-stm32.14.3.rel1.win32_1.0.100.202602081740/tools/bin/../lib/gcc/arm-none-eabi/14.3.1/thumb/v7e-m+fp/hard/crtbegin.o
 *(.text*)
 .text.hall_sensor_get_raw_rpm
                0x08000218       0x1c ./Core/Src/hall_sensor.o
                0x08000218                hall_sensor_get_raw_rpm
 .text.hall_sensor_capture_to_rpm
                0x08000234       0x54 ./Core/Src/hall_sensor.o
 .text.hall_sensor_min_motor_rpm
                0x08000288       0x16 ./Core/Src/hall_sensor.o
 *fill*         0x0800029e        0x2 
 .text.hall_sensor_init
                0x080002a0       0x18 ./Core/Src/hall_sensor.o
                0x080002a0                hall_sensor_init
 .text.hall_capture_spike_check
                0x080002b8       0x74 ./Core/Src/hall_sensor.o
                0x080002b8                hall_capture_spike_check
 .text.hall_sensor_capture_handler
                0x0800032c       0x60 ./Core/Src/hall_sensor.o
                0x0800032c                hall_sensor_capture_handler
 .text.hall_sensor_timeout_handler
                0x0800038c       0x30 ./Core/Src/hall_sensor.o
                0x0800038c                hall_sensor_timeout_handler
 .text.lp_filter_init
                0x080003bc       0x6e ./Core/Src/lp_filter.o
                0x080003bc                lp_filter_init
 .text.lp_filter_compute
                0x0800042a       0x82 ./Core/Src/lp_filter.o
                0x0800042a                lp_filter_compute
 .text.__NVIC_GetPriorityGrouping
                0x080004ac       0x1c ./Core/Src/main.o
 .text.__NVIC_EnableIRQ
                0x080004c8       0x3c ./Core/Src/main.o
 .text.__NVIC_SetPriority
                0x08000504       0x54 ./Core/Src/main.o
 .text.NVIC_EncodePriority
                0x08000558       0x66 ./Core/Src/main.o
 .text.LL_I2C_EnableClockStretching
                0x080005be       0x20 ./Core/Src/main.o
 .text.LL_I2C_DisableGeneralCall
                0x080005de       0x20 ./Core/Src/main.o
 .text.LL_I2C_SetOwnAddress1
                0x080005fe       0x30 ./Core/Src/main.o
 .text.LL_I2C_EnableOwnAddress1
                0x0800062e       0x20 ./Core/Src/main.o
 .text.LL_I2C_SetOwnAddress2
                0x0800064e       0x30 ./Core/Src/main.o
 .text.LL_I2C_DisableOwnAddress2
                0x0800067e       0x20 ./Core/Src/main.o
 .text.LL_I2C_EnableAutoEndMode
                0x0800069e       0x20 ./Core/Src/main.o
 *fill*         0x080006be        0x2 
 .text.LL_AHB2_GRP1_EnableClock
                0x080006c0       0x30 ./Core/Src/main.o
 .text.LL_APB1_GRP1_EnableClock
                0x080006f0       0x30 ./Core/Src/main.o
 .text.main     0x08000720       0x40 ./Core/Src/main.o
                0x08000720                main
 .text.SystemClock_Config
                0x08000760       0x96 ./Core/Src/main.o
                0x08000760                SystemClock_Config
 *fill*         0x080007f6        0x2 
 .text.MX_I2C1_Init
                0x080007f8      0x164 ./Core/Src/main.o
 .text.MX_TIM1_Init
                0x0800095c       0xa8 ./Core/Src/main.o
 .text.MX_TIM2_Init
                0x08000a04       0xec ./Core/Src/main.o
 .text.MX_TIM4_Init
                0x08000af0       0x98 ./Core/Src/main.o
 .text.MX_GPIO_Init
                0x08000b88       0x98 ./Core/Src/main.o
 .text.Error_Handler
                0x08000c20        0xc ./Core/Src/main.o
                0x08000c20                Error_Handler
 .text.motor_control_clamp_pwm_us
                0x08000c2c       0x3a ./Core/Src/motor_control.o
 *fill*         0x08000c66        0x2 
 .text.motor_control_pwm_us_to_ccr_unchecked
                0x08000c68       0x6c ./Core/Src/motor_control.o
 .text.motor_control_set_pwm_us
                0x08000cd4       0x4c ./Core/Src/motor_control.o
                0x08000cd4                motor_control_set_pwm_us
 .text.motor_control_write_reg_i16
                0x08000d20       0x36 ./Core/Src/motor_control.o
 .text.motor_control_init_register_defaults
                0x08000d56       0x30 ./Core/Src/motor_control.o
 *fill*         0x08000d86        0x2 
 .text.motor_control_init
                0x08000d88       0x90 ./Core/Src/motor_control.o
                0x08000d88                motor_control_init
 .text.motor_control_read_registers
                0x08000e18       0xe4 ./Core/Src/motor_control.o
 .text.motor_control_update
                0x08000efc       0x98 ./Core/Src/motor_control.o
                0x08000efc                motor_control_update
 .text.pid_pwm_update
                0x08000f94      0x17c ./Core/Src/motor_control.o
 .text.pid_init
                0x08001110       0x9a ./Core/Src/pid.o
                0x08001110                pid_init
 .text.pid_reset
                0x080011aa       0x34 ./Core/Src/pid.o
                0x080011aa                pid_reset
 .text.pid_compute
                0x080011de      0x174 ./Core/Src/pid.o
                0x080011de                pid_compute
 *fill*         0x08001352        0x2 
 .text.__NVIC_EnableIRQ
                0x08001354       0x3c ./Core/Src/reg.o
 .text.__NVIC_SetPriority
                0x08001390       0x54 ./Core/Src/reg.o
 .text.LL_I2C_Enable
                0x080013e4       0x20 ./Core/Src/reg.o
 .text.LL_I2C_EnableIT_TX
                0x08001404       0x20 ./Core/Src/reg.o
 .text.LL_I2C_EnableIT_RX
                0x08001424       0x20 ./Core/Src/reg.o
 .text.LL_I2C_EnableIT_NACK
                0x08001444       0x20 ./Core/Src/reg.o
 .text.LL_I2C_EnableIT_STOP
                0x08001464       0x20 ./Core/Src/reg.o
 .text.LL_I2C_EnableIT_TC
                0x08001484       0x20 ./Core/Src/reg.o
 .text.LL_I2C_EnableIT_ERR
                0x080014a4       0x20 ./Core/Src/reg.o
 .text.LL_I2C_AcknowledgeNextData
                0x080014c4       0x26 ./Core/Src/reg.o
 *fill*         0x080014ea        0x2 
 .text.reg_init
                0x080014ec       0x80 ./Core/Src/reg.o
                0x080014ec                reg_init
 .text.read_reg
                0x0800156c       0x54 ./Core/Src/reg.o
                0x0800156c                read_reg
 .text.write_reg
                0x080015c0       0x54 ./Core/Src/reg.o
                0x080015c0                write_reg
 .text.i2c_ll_reset_rx
                0x08001614       0x18 ./Core/Src/reg.o
                0x08001614                i2c_ll_reset_rx
 .text.i2c_ll_rx_byte
                0x0800162c       0x40 ./Core/Src/reg.o
                0x0800162c                i2c_ll_rx_byte
 .text.i2c_ll_stop_detected
                0x0800166c       0x44 ./Core/Src/reg.o
                0x0800166c                i2c_ll_stop_detected
 .text.HAL_MspInit
                0x080016b0       0x48 ./Core/Src/stm32g4xx_hal_msp.o
                0x080016b0                HAL_MspInit
 .text.HAL_TIM_Base_MspInit
                0x080016f8       0x64 ./Core/Src/stm32g4xx_hal_msp.o
                0x080016f8                HAL_TIM_Base_MspInit
 .text.HAL_TIMEx_HallSensor_MspInit
                0x0800175c       0x88 ./Core/Src/stm32g4xx_hal_msp.o
                0x0800175c                HAL_TIMEx_HallSensor_MspInit
 .text.HAL_TIM_MspPostInit
                0x080017e4       0x68 ./Core/Src/stm32g4xx_hal_msp.o
                0x080017e4                HAL_TIM_MspPostInit
 .text.LL_I2C_IsActiveFlag_RXNE
                0x0800184c       0x26 ./Core/Src/stm32g4xx_it.o
 .text.LL_I2C_IsActiveFlag_ADDR
                0x08001872       0x26 ./Core/Src/stm32g4xx_it.o
 .text.LL_I2C_IsActiveFlag_NACK
                0x08001898       0x26 ./Core/Src/stm32g4xx_it.o
 .text.LL_I2C_IsActiveFlag_STOP
                0x080018be       0x26 ./Core/Src/stm32g4xx_it.o
 .text.LL_I2C_IsActiveFlag_BERR
                0x080018e4       0x28 ./Core/Src/stm32g4xx_it.o
 .text.LL_I2C_IsActiveFlag_ARLO
                0x0800190c       0x28 ./Core/Src/stm32g4xx_it.o
 .text.LL_I2C_IsActiveFlag_OVR
                0x08001934       0x28 ./Core/Src/stm32g4xx_it.o
 .text.LL_I2C_ClearFlag_ADDR
                0x0800195c       0x20 ./Core/Src/stm32g4xx_it.o
 .text.LL_I2C_ClearFlag_NACK
                0x0800197c       0x20 ./Core/Src/stm32g4xx_it.o
 .text.LL_I2C_ClearFlag_STOP
                0x0800199c       0x20 ./Core/Src/stm32g4xx_it.o
 .text.LL_I2C_ClearFlag_BERR
                0x080019bc       0x20 ./Core/Src/stm32g4xx_it.o
 .text.LL_I2C_ClearFlag_ARLO
                0x080019dc       0x20 ./Core/Src/stm32g4xx_it.o
 .text.LL_I2C_ClearFlag_OVR
                0x080019fc       0x20 ./Core/Src/stm32g4xx_it.o
 .text.LL_I2C_ReceiveData8
                0x08001a1c       0x1a ./Core/Src/stm32g4xx_it.o
 .text.NMI_Handler
                0x08001a36        0x8 ./Core/Src/stm32g4xx_it.o
                0x08001a36                NMI_Handler
 .text.HardFault_Handler
                0x08001a3e        0x8 ./Core/Src/stm32g4xx_it.o
                0x08001a3e                HardFault_Handler
 .text.MemManage_Handler
                0x08001a46        0x8 ./Core/Src/stm32g4xx_it.o
                0x08001a46                MemManage_Handler
 .text.BusFault_Handler
                0x08001a4e        0x8 ./Core/Src/stm32g4xx_it.o
                0x08001a4e                BusFault_Handler
 .text.UsageFault_Handler
                0x08001a56        0x8 ./Core/Src/stm32g4xx_it.o
                0x08001a56                UsageFault_Handler
 .text.SVC_Handler
                0x08001a5e        0xe ./Core/Src/stm32g4xx_it.o
                0x08001a5e                SVC_Handler
 .text.DebugMon_Handler
                0x08001a6c        0xe ./Core/Src/stm32g4xx_it.o
                0x08001a6c                DebugMon_Handler
 .text.PendSV_Handler
                0x08001a7a        0xe ./Core/Src/stm32g4xx_it.o
                0x08001a7a                PendSV_Handler
 .text.SysTick_Handler
                0x08001a88        0xc ./Core/Src/stm32g4xx_it.o
                0x08001a88                SysTick_Handler
 .text.I2C1_EV_IRQHandler
                0x08001a94       0x5c ./Core/Src/stm32g4xx_it.o
                0x08001a94                I2C1_EV_IRQHandler
 .text.I2C1_ER_IRQHandler
                0x08001af0       0x54 ./Core/Src/stm32g4xx_it.o
                0x08001af0                I2C1_ER_IRQHandler
 .text.TIM1_UP_TIM16_IRQHandler
                0x08001b44       0x14 ./Core/Src/stm32g4xx_it.o
                0x08001b44                TIM1_UP_TIM16_IRQHandler
 .text.TIM4_IRQHandler
                0x08001b58       0x14 ./Core/Src/stm32g4xx_it.o
                0x08001b58                TIM4_IRQHandler
 .text.SystemInit
                0x08001b6c       0x2c ./Core/Src/system_stm32g4xx.o
                0x08001b6c                SystemInit
 .text.user_init
                0x08001b98       0x30 ./Core/Src/user.o
                0x08001b98                user_init
 .text.user_loop
                0x08001bc8       0x58 ./Core/Src/user.o
                0x08001bc8                user_loop
 .text.HAL_TIM_PeriodElapsedCallback
                0x08001c20       0x38 ./Core/Src/user.o
                0x08001c20                HAL_TIM_PeriodElapsedCallback
 .text.HAL_TIM_IC_CaptureCallback
                0x08001c58       0x30 ./Core/Src/user.o
                0x08001c58                HAL_TIM_IC_CaptureCallback
 .text.Reset_Handler
                0x08001c88       0x50 ./Core/Startup/startup_stm32g431vbtx.o
                0x08001c88                Reset_Handler
 .text.Default_Handler
                0x08001cd8        0x2 ./Core/Startup/startup_stm32g431vbtx.o
                0x08001cd8                RTC_Alarm_IRQHandler
                0x08001cd8                EXTI2_IRQHandler
                0x08001cd8                TIM8_TRG_COM_IRQHandler
                0x08001cd8                TIM8_CC_IRQHandler
                0x08001cd8                TIM1_CC_IRQHandler
                0x08001cd8                USB_HP_IRQHandler
                0x08001cd8                CORDIC_IRQHandler
                0x08001cd8                EXTI3_IRQHandler
                0x08001cd8                I2C3_ER_IRQHandler
                0x08001cd8                EXTI0_IRQHandler
                0x08001cd8                I2C2_EV_IRQHandler
                0x08001cd8                FPU_IRQHandler
                0x08001cd8                FDCAN1_IT1_IRQHandler
                0x08001cd8                ADC1_2_IRQHandler
                0x08001cd8                SPI1_IRQHandler
                0x08001cd8                TIM6_DAC_IRQHandler
                0x08001cd8                TIM8_UP_IRQHandler
                0x08001cd8                DMA2_Channel2_IRQHandler
                0x08001cd8                DMA1_Channel4_IRQHandler
                0x08001cd8                USART3_IRQHandler
                0x08001cd8                DMA2_Channel1_IRQHandler
                0x08001cd8                DMA1_Channel6_IRQHandler
                0x08001cd8                UART4_IRQHandler
                0x08001cd8                DMA2_Channel4_IRQHandler
                0x08001cd8                TIM3_IRQHandler
                0x08001cd8                RCC_IRQHandler
                0x08001cd8                DMA1_Channel1_IRQHandler
                0x08001cd8                Default_Handler
                0x08001cd8                RTC_TAMP_LSECSS_IRQHandler
                0x08001cd8                FMAC_IRQHandler
                0x08001cd8                EXTI15_10_IRQHandler
                0x08001cd8                TIM7_IRQHandler
                0x08001cd8                UCPD1_IRQHandler
                0x08001cd8                I2C3_EV_IRQHandler
                0x08001cd8                EXTI9_5_IRQHandler
                0x08001cd8                RTC_WKUP_IRQHandler
                0x08001cd8                PVD_PVM_IRQHandler
                0x08001cd8                SPI2_IRQHandler
                0x08001cd8                DMA2_Channel5_IRQHandler
                0x08001cd8                CRS_IRQHandler
                0x08001cd8                DMA1_Channel5_IRQHandler
                0x08001cd8                USB_LP_IRQHandler
                0x08001cd8                EXTI4_IRQHandler
                0x08001cd8                RNG_IRQHandler
                0x08001cd8                TIM1_TRG_COM_TIM17_IRQHandler
                0x08001cd8                DMA1_Channel3_IRQHandler
                0x08001cd8                WWDG_IRQHandler
                0x08001cd8                LPUART1_IRQHandler
                0x08001cd8                DMA2_Channel6_IRQHandler
                0x08001cd8                FDCAN1_IT0_IRQHandler
                0x08001cd8                TIM2_IRQHandler
                0x08001cd8                COMP1_2_3_IRQHandler
                0x08001cd8                EXTI1_IRQHandler
                0x08001cd8                USART2_IRQHandler
                0x08001cd8                I2C2_ER_IRQHandler
                0x08001cd8                DMA1_Channel2_IRQHandler
                0x08001cd8                TIM8_BRK_IRQHandler
                0x08001cd8                FLASH_IRQHandler
                0x08001cd8                USART1_IRQHandler
                0x08001cd8                SPI3_IRQHandler
                0x08001cd8                LPTIM1_IRQHandler
                0x08001cd8                DMAMUX_OVR_IRQHandler
                0x08001cd8                USBWakeUp_IRQHandler
                0x08001cd8                SAI1_IRQHandler
                0x08001cd8                DMA2_Channel3_IRQHandler
                0x08001cd8                COMP4_IRQHandler
                0x08001cd8                TIM1_BRK_TIM15_IRQHandler
 .text.HAL_Init
                0x08001cda       0x30 ./Drivers/STM32G4xx_HAL_Driver/Src/stm32g4xx_hal.o
                0x08001cda                HAL_Init
 *fill*         0x08001d0a        0x2 
 .text.HAL_InitTick
                0x08001d0c       0x74 ./Drivers/STM32G4xx_HAL_Driver/Src/stm32g4xx_hal.o
                0x08001d0c                HAL_InitTick
 .text.HAL_IncTick
                0x08001d80       0x24 ./Drivers/STM32G4xx_HAL_Driver/Src/stm32g4xx_hal.o
                0x08001d80                HAL_IncTick
 .text.HAL_GetTick
                0x08001da4       0x18 ./Drivers/STM32G4xx_HAL_Driver/Src/stm32g4xx_hal.o
                0x08001da4                HAL_GetTick
 .text.HAL_Delay
                0x08001dbc       0x44 ./Drivers/STM32G4xx_HAL_Driver/Src/stm32g4xx_hal.o
                0x08001dbc                HAL_Delay
 .text.__NVIC_SetPriorityGrouping
                0x08001e00       0x48 ./Drivers/STM32G4xx_HAL_Driver/Src/stm32g4xx_hal_cortex.o
 .text.__NVIC_GetPriorityGrouping
                0x08001e48       0x1c ./Drivers/STM32G4xx_HAL_Driver/Src/stm32g4xx_hal_cortex.o
 .text.__NVIC_SetPriority
                0x08001e64       0x54 ./Drivers/STM32G4xx_HAL_Driver/Src/stm32g4xx_hal_cortex.o
 .text.NVIC_EncodePriority
                0x08001eb8       0x66 ./Drivers/STM32G4xx_HAL_Driver/Src/stm32g4xx_hal_cortex.o
 *fill*         0x08001f1e        0x2 
 .text.SysTick_Config
                0x08001f20       0x44 ./Drivers/STM32G4xx_HAL_Driver/Src/stm32g4xx_hal_cortex.o
 .text.HAL_NVIC_SetPriorityGrouping
                0x08001f64       0x16 ./Drivers/STM32G4xx_HAL_Driver/Src/stm32g4xx_hal_cortex.o
                0x08001f64                HAL_NVIC_SetPriorityGrouping
 .text.HAL_NVIC_SetPriority
                0x08001f7a       0x34 ./Drivers/STM32G4xx_HAL_Driver/Src/stm32g4xx_hal_cortex.o
                0x08001f7a                HAL_NVIC_SetPriority
 .text.HAL_SYSTICK_Config
                0x08001fae       0x18 ./Drivers/STM32G4xx_HAL_Driver/Src/stm32g4xx_hal_cortex.o
                0x08001fae                HAL_SYSTICK_Config
 *fill*         0x08001fc6        0x2 
 .text.HAL_GPIO_Init
                0x08001fc8      0x318 ./Drivers/STM32G4xx_HAL_Driver/Src/stm32g4xx_hal_gpio.o
                0x08001fc8                HAL_GPIO_Init
 .text.HAL_GPIO_WritePin
                0x080022e0       0x30 ./Drivers/STM32G4xx_HAL_Driver/Src/stm32g4xx_hal_gpio.o
                0x080022e0                HAL_GPIO_WritePin
 .text.HAL_GPIO_TogglePin
                0x08002310       0x34 ./Drivers/STM32G4xx_HAL_Driver/Src/stm32g4xx_hal_gpio.o
                0x08002310                HAL_GPIO_TogglePin
 .text.HAL_PWREx_ControlVoltageScaling
                0x08002344      0x148 ./Drivers/STM32G4xx_HAL_Driver/Src/stm32g4xx_hal_pwr_ex.o
                0x08002344                HAL_PWREx_ControlVoltageScaling
 .text.HAL_PWREx_DisableUCPDDeadBattery
                0x0800248c       0x20 ./Drivers/STM32G4xx_HAL_Driver/Src/stm32g4xx_hal_pwr_ex.o
                0x0800248c                HAL_PWREx_DisableUCPDDeadBattery
 .text.HAL_RCC_OscConfig
                0x080024ac      0x624 ./Drivers/STM32G4xx_HAL_Driver/Src/stm32g4xx_hal_rcc.o
                0x080024ac                HAL_RCC_OscConfig
 .text.HAL_RCC_ClockConfig
                0x08002ad0      0x278 ./Drivers/STM32G4xx_HAL_Driver/Src/stm32g4xx_hal_rcc.o
                0x08002ad0                HAL_RCC_ClockConfig
 .text.HAL_RCC_GetSysClockFreq
                0x08002d48       0xc4 ./Drivers/STM32G4xx_HAL_Driver/Src/stm32g4xx_hal_rcc.o
                0x08002d48                HAL_RCC_GetSysClockFreq
 .text.RCC_GetSysClockFreqFromPLLSource
                0x08002e0c       0x8c ./Drivers/STM32G4xx_HAL_Driver/Src/stm32g4xx_hal_rcc.o
 .text.HAL_RCCEx_PeriphCLKConfig
                0x08002e98      0x3e0 ./Drivers/STM32G4xx_HAL_Driver/Src/stm32g4xx_hal_rcc_ex.o
                0x08002e98                HAL_RCCEx_PeriphCLKConfig
 .text.HAL_TIM_Base_Init
                0x08003278       0xae ./Drivers/STM32G4xx_HAL_Driver/Src/stm32g4xx_hal_tim.o
                0x08003278                HAL_TIM_Base_Init
 *fill*         0x08003326        0x2 
 .text.HAL_TIM_Base_Start_IT
                0x08003328       0xd4 ./Drivers/STM32G4xx_HAL_Driver/Src/stm32g4xx_hal_tim.o
                0x08003328                HAL_TIM_Base_Start_IT
 .text.HAL_TIM_PWM_Init
                0x080033fc       0xae ./Drivers/STM32G4xx_HAL_Driver/Src/stm32g4xx_hal_tim.o
                0x080033fc                HAL_TIM_PWM_Init
 .text.HAL_TIM_PWM_MspInit
                0x080034aa       0x14 ./Drivers/STM32G4xx_HAL_Driver/Src/stm32g4xx_hal_tim.o
                0x080034aa                HAL_TIM_PWM_MspInit
 *fill*         0x080034be        0x2 
 .text.HAL_TIM_PWM_Start
                0x080034c0      0x200 ./Drivers/STM32G4xx_HAL_Driver/Src/stm32g4xx_hal_tim.o
                0x080034c0                HAL_TIM_PWM_Start
 .text.HAL_TIM_IRQHandler
                0x080036c0      0x29e ./Drivers/STM32G4xx_HAL_Driver/Src/stm32g4xx_hal_tim.o
                0x080036c0                HAL_TIM_IRQHandler
 *fill*         0x0800395e        0x2 
 .text.HAL_TIM_PWM_ConfigChannel
                0x08003960      0x228 ./Drivers/STM32G4xx_HAL_Driver/Src/stm32g4xx_hal_tim.o
                0x08003960                HAL_TIM_PWM_ConfigChannel
 .text.HAL_TIM_ConfigClockSource
                0x08003b88      0x1f4 ./Drivers/STM32G4xx_HAL_Driver/Src/stm32g4xx_hal_tim.o
                0x08003b88                HAL_TIM_ConfigClockSource
 .text.HAL_TIM_ReadCapturedValue
                0x08003d7c       0x88 ./Drivers/STM32G4xx_HAL_Driver/Src/stm32g4xx_hal_tim.o
                0x08003d7c                HAL_TIM_ReadCapturedValue
 .text.HAL_TIM_OC_DelayElapsedCallback
                0x08003e04       0x14 ./Drivers/STM32G4xx_HAL_Driver/Src/stm32g4xx_hal_tim.o
                0x08003e04                HAL_TIM_OC_DelayElapsedCallback
 .text.HAL_TIM_PWM_PulseFinishedCallback
                0x08003e18       0x14 ./Drivers/STM32G4xx_HAL_Driver/Src/stm32g4xx_hal_tim.o
                0x08003e18                HAL_TIM_PWM_PulseFinishedCallback
 .text.HAL_TIM_TriggerCallback
                0x08003e2c       0x14 ./Drivers/STM32G4xx_HAL_Driver/Src/stm32g4xx_hal_tim.o
                0x08003e2c                HAL_TIM_TriggerCallback
 .text.TIM_Base_SetConfig
                0x08003e40      0x12c ./Drivers/STM32G4xx_HAL_Driver/Src/stm32g4xx_hal_tim.o
                0x08003e40                TIM_Base_SetConfig
 .text.TIM_OC1_SetConfig
                0x08003f6c      0x124 ./Drivers/STM32G4xx_HAL_Driver/Src/stm32g4xx_hal_tim.o
 .text.TIM_OC2_SetConfig
                0x08004090      0x118 ./Drivers/STM32G4xx_HAL_Driver/Src/stm32g4xx_hal_tim.o
                0x08004090                TIM_OC2_SetConfig
 .text.TIM_OC3_SetConfig
                0x080041a8      0x114 ./Drivers/STM32G4xx_HAL_Driver/Src/stm32g4xx_hal_tim.o
 .text.TIM_OC4_SetConfig
                0x080042bc      0x118 ./Drivers/STM32G4xx_HAL_Driver/Src/stm32g4xx_hal_tim.o
 .text.TIM_OC5_SetConfig
                0x080043d4       0xc8 ./Drivers/STM32G4xx_HAL_Driver/Src/stm32g4xx_hal_tim.o
 .text.TIM_OC6_SetConfig
                0x0800449c       0xcc ./Drivers/STM32G4xx_HAL_Driver/Src/stm32g4xx_hal_tim.o
 .text.TIM_TI1_SetConfig
                0x08004568      0x10c ./Drivers/STM32G4xx_HAL_Driver/Src/stm32g4xx_hal_tim.o
                0x08004568                TIM_TI1_SetConfig
 .text.TIM_TI1_ConfigInputStage
                0x08004674       0xa8 ./Drivers/STM32G4xx_HAL_Driver/Src/stm32g4xx_hal_tim.o
 .text.TIM_TI2_ConfigInputStage
                0x0800471c       0x84 ./Drivers/STM32G4xx_HAL_Driver/Src/stm32g4xx_hal_tim.o
 .text.TIM_ITRx_SetConfig
                0x080047a0       0x3a ./Drivers/STM32G4xx_HAL_Driver/Src/stm32g4xx_hal_tim.o
 .text.TIM_ETR_SetConfig
                0x080047da       0x40 ./Drivers/STM32G4xx_HAL_Driver/Src/stm32g4xx_hal_tim.o
                0x080047da                TIM_ETR_SetConfig
 .text.TIM_CCxChannelCmd
                0x0800481a       0x4a ./Drivers/STM32G4xx_HAL_Driver/Src/stm32g4xx_hal_tim.o
                0x0800481a                TIM_CCxChannelCmd
 .text.HAL_TIMEx_HallSensor_Init
                0x08004864      0x15e ./Drivers/STM32G4xx_HAL_Driver/Src/stm32g4xx_hal_tim_ex.o
                0x08004864                HAL_TIMEx_HallSensor_Init
 *fill*         0x080049c2        0x2 
 .text.HAL_TIMEx_HallSensor_Start_IT
                0x080049c4      0x120 ./Drivers/STM32G4xx_HAL_Driver/Src/stm32g4xx_hal_tim_ex.o
                0x080049c4                HAL_TIMEx_HallSensor_Start_IT
 .text.HAL_TIMEx_MasterConfigSynchronization
                0x08004ae4      0x104 ./Drivers/STM32G4xx_HAL_Driver/Src/stm32g4xx_hal_tim_ex.o
                0x08004ae4                HAL_TIMEx_MasterConfigSynchronization
 .text.HAL_TIMEx_CommutCallback
                0x08004be8       0x14 ./Drivers/STM32G4xx_HAL_Driver/Src/stm32g4xx_hal_tim_ex.o
                0x08004be8                HAL_TIMEx_CommutCallback
 .text.HAL_TIMEx_BreakCallback
                0x08004bfc       0x14 ./Drivers/STM32G4xx_HAL_Driver/Src/stm32g4xx_hal_tim_ex.o
                0x08004bfc                HAL_TIMEx_BreakCallback
 .text.HAL_TIMEx_Break2Callback
                0x08004c10       0x14 ./Drivers/STM32G4xx_HAL_Driver/Src/stm32g4xx_hal_tim_ex.o
                0x08004c10                HAL_TIMEx_Break2Callback
 .text.HAL_TIMEx_EncoderIndexCallback
                0x08004c24       0x14 ./Drivers/STM32G4xx_HAL_Driver/Src/stm32g4xx_hal_tim_ex.o
                0x08004c24                HAL_TIMEx_EncoderIndexCallback
 .text.HAL_TIMEx_DirectionChangeCallback
                0x08004c38       0x14 ./Drivers/STM32G4xx_HAL_Driver/Src/stm32g4xx_hal_tim_ex.o
                0x08004c38                HAL_TIMEx_DirectionChangeCallback
 .text.HAL_TIMEx_IndexErrorCallback
                0x08004c4c       0x14 ./Drivers/STM32G4xx_HAL_Driver/Src/stm32g4xx_hal_tim_ex.o
                0x08004c4c                HAL_TIMEx_IndexErrorCallback
 .text.HAL_TIMEx_TransitionErrorCallback
                0x08004c60       0x14 ./Drivers/STM32G4xx_HAL_Driver/Src/stm32g4xx_hal_tim_ex.o
                0x08004c60                HAL_TIMEx_TransitionErrorCallback
 .text.LL_GPIO_SetPinMode
                0x08004c74       0x7a ./Drivers/STM32G4xx_HAL_Driver/Src/stm32g4xx_ll_gpio.o
 .text.LL_GPIO_SetPinOutputType
                0x08004cee       0x30 ./Drivers/STM32G4xx_HAL_Driver/Src/stm32g4xx_ll_gpio.o
 .text.LL_GPIO_SetPinSpeed
                0x08004d1e       0x7a ./Drivers/STM32G4xx_HAL_Driver/Src/stm32g4xx_ll_gpio.o
 .text.LL_GPIO_SetPinPull
                0x08004d98       0x7a ./Drivers/STM32G4xx_HAL_Driver/Src/stm32g4xx_ll_gpio.o
 .text.LL_GPIO_SetAFPin_0_7
                0x08004e12       0x7a ./Drivers/STM32G4xx_HAL_Driver/Src/stm32g4xx_ll_gpio.o
 .text.LL_GPIO_SetAFPin_8_15
                0x08004e8c       0x7e ./Drivers/STM32G4xx_HAL_Driver/Src/stm32g4xx_ll_gpio.o
 .text.LL_GPIO_Init
                0x08004f0a       0xdc ./Drivers/STM32G4xx_HAL_Driver/Src/stm32g4xx_ll_gpio.o
                0x08004f0a                LL_GPIO_Init
 .text.LL_I2C_Enable
                0x08004fe6       0x20 ./Drivers/STM32G4xx_HAL_Driver/Src/stm32g4xx_ll_i2c.o
 .text.LL_I2C_Disable
                0x08005006       0x20 ./Drivers/STM32G4xx_HAL_Driver/Src/stm32g4xx_ll_i2c.o
 .text.LL_I2C_ConfigFilters
                0x08005026       0x2e ./Drivers/STM32G4xx_HAL_Driver/Src/stm32g4xx_ll_i2c.o
 .text.LL_I2C_SetOwnAddress1
                0x08005054       0x30 ./Drivers/STM32G4xx_HAL_Driver/Src/stm32g4xx_ll_i2c.o
 .text.LL_I2C_EnableOwnAddress1
                0x08005084       0x20 ./Drivers/STM32G4xx_HAL_Driver/Src/stm32g4xx_ll_i2c.o
 .text.LL_I2C_DisableOwnAddress1
                0x080050a4       0x20 ./Drivers/STM32G4xx_HAL_Driver/Src/stm32g4xx_ll_i2c.o
 .text.LL_I2C_SetTiming
                0x080050c4       0x1c ./Drivers/STM32G4xx_HAL_Driver/Src/stm32g4xx_ll_i2c.o
 .text.LL_I2C_SetMode
                0x080050e0       0x26 ./Drivers/STM32G4xx_HAL_Driver/Src/stm32g4xx_ll_i2c.o
 .text.LL_I2C_AcknowledgeNextData
                0x08005106       0x26 ./Drivers/STM32G4xx_HAL_Driver/Src/stm32g4xx_ll_i2c.o
 .text.LL_I2C_Init
                0x0800512c       0x78 ./Drivers/STM32G4xx_HAL_Driver/Src/stm32g4xx_ll_i2c.o
                0x0800512c                LL_I2C_Init
 .text.memset   0x080051a4       0x10 C:/ST/STM32CubeIDE_2.1.1/STM32CubeIDE/plugins/com.st.stm32cube.ide.mcu.externaltools.gnu-tools-for-stm32.14.3.rel1.win32_1.0.100.202602081740/tools/bin/../lib/gcc/arm-none-eabi/14.3.1/../../../../arm-none-eabi/lib/thumb/v7e-m+fp/hard\libc_nano.a(libc_a-memset.o)
                0x080051a4                memset
 .text.__libc_init_array
                0x080051b4       0x48 C:/ST/STM32CubeIDE_2.1.1/STM32CubeIDE/plugins/com.st.stm32cube.ide.mcu.externaltools.gnu-tools-for-stm32.14.3.rel1.win32_1.0.100.202602081740/tools/bin/../lib/gcc/arm-none-eabi/14.3.1/../../../../arm-none-eabi/lib/thumb/v7e-m+fp/hard\libc_nano.a(libc_a-init.o)
                0x080051b4                __libc_init_array
 .text.memcpy   0x080051fc       0x1c C:/ST/STM32CubeIDE_2.1.1/STM32CubeIDE/plugins/com.st.stm32cube.ide.mcu.externaltools.gnu-tools-for-stm32.14.3.rel1.win32_1.0.100.202602081740/tools/bin/../lib/gcc/arm-none-eabi/14.3.1/../../../../arm-none-eabi/lib/thumb/v7e-m+fp/hard\libc_nano.a(libc_a-memcpy-stub.o)
                0x080051fc                memcpy
 *(.glue_7)
 .glue_7        0x08005218        0x0 linker stubs
 *(.glue_7t)
 .glue_7t       0x08005218        0x0 linker stubs
 *(.eh_frame)
 .eh_frame      0x08005218        0x0 C:/ST/STM32CubeIDE_2.1.1/STM32CubeIDE/plugins/com.st.stm32cube.ide.mcu.externaltools.gnu-tools-for-stm32.14.3.rel1.win32_1.0.100.202602081740/tools/bin/../lib/gcc/arm-none-eabi/14.3.1/thumb/v7e-m+fp/hard/crtbegin.o
 *(.init)
 .init          0x08005218        0x4 C:/ST/STM32CubeIDE_2.1.1/STM32CubeIDE/plugins/com.st.stm32cube.ide.mcu.externaltools.gnu-tools-for-stm32.14.3.rel1.win32_1.0.100.202602081740/tools/bin/../lib/gcc/arm-none-eabi/14.3.1/thumb/v7e-m+fp/hard/crti.o
                0x08005218                _init
 .init          0x0800521c        0x8 C:/ST/STM32CubeIDE_2.1.1/STM32CubeIDE/plugins/com.st.stm32cube.ide.mcu.externaltools.gnu-tools-for-stm32.14.3.rel1.win32_1.0.100.202602081740/tools/bin/../lib/gcc/arm-none-eabi/14.3.1/thumb/v7e-m+fp/hard/crtn.o
 *(.fini)
 .fini          0x08005224        0x4 C:/ST/STM32CubeIDE_2.1.1/STM32CubeIDE/plugins/com.st.stm32cube.ide.mcu.externaltools.gnu-tools-for-stm32.14.3.rel1.win32_1.0.100.202602081740/tools/bin/../lib/gcc/arm-none-eabi/14.3.1/thumb/v7e-m+fp/hard/crti.o
                0x08005224                _fini
 .fini          0x08005228        0x8 C:/ST/STM32CubeIDE_2.1.1/STM32CubeIDE/plugins/com.st.stm32cube.ide.mcu.externaltools.gnu-tools-for-stm32.14.3.rel1.win32_1.0.100.202602081740/tools/bin/../lib/gcc/arm-none-eabi/14.3.1/thumb/v7e-m+fp/hard/crtn.o
                0x08005230                        . = ALIGN (0x4)
                0x08005230                        _etext = .

.vfp11_veneer   0x08005230        0x0
 .vfp11_veneer  0x08005230        0x0 linker stubs

.v4_bx          0x08005230        0x0
 .v4_bx         0x08005230        0x0 linker stubs

.iplt           0x08005230        0x0
 .iplt          0x08005230        0x0 C:/ST/STM32CubeIDE_2.1.1/STM32CubeIDE/plugins/com.st.stm32cube.ide.mcu.externaltools.gnu-tools-for-stm32.14.3.rel1.win32_1.0.100.202602081740/tools/bin/../lib/gcc/arm-none-eabi/14.3.1/thumb/v7e-m+fp/hard/crtbegin.o

.rodata         0x08005230       0x10
                0x08005230                        . = ALIGN (0x4)
 *(.rodata)
 *(.rodata*)
 .rodata.AHBPrescTable
                0x08005230       0x10 ./Core/Src/system_stm32g4xx.o
                0x08005230                AHBPrescTable
                0x08005240                        . = ALIGN (0x4)

.ARM.extab      0x08005240        0x0
                0x08005240                        . = ALIGN (0x4)
 *(.ARM.extab* .gnu.linkonce.armextab.*)
                0x08005240                        . = ALIGN (0x4)

.ARM            0x08005240        0x0
                0x08005240                        . = ALIGN (0x4)
                0x08005240                        __exidx_start = .
 *(.ARM.exidx*)
                0x08005240                        __exidx_end = .
                0x08005240                        . = ALIGN (0x4)

.preinit_array  0x08005240        0x0
                0x08005240                        . = ALIGN (0x4)
                0x08005240                        PROVIDE (__preinit_array_start = .)
 *(.preinit_array*)
                0x08005240                        PROVIDE (__preinit_array_end = .)
                0x08005240                        . = ALIGN (0x4)

.init_array     0x08005240        0x4
                0x08005240                        . = ALIGN (0x4)
                0x08005240                        PROVIDE (__init_array_start = .)
 *(SORT_BY_NAME(.init_array.*))
 *(.init_array*)
 .init_array    0x08005240        0x4 C:/ST/STM32CubeIDE_2.1.1/STM32CubeIDE/plugins/com.st.stm32cube.ide.mcu.externaltools.gnu-tools-for-stm32.14.3.rel1.win32_1.0.100.202602081740/tools/bin/../lib/gcc/arm-none-eabi/14.3.1/thumb/v7e-m+fp/hard/crtbegin.o
                0x08005244                        PROVIDE (__init_array_end = .)
                0x08005244                        . = ALIGN (0x4)

.fini_array     0x08005244        0x4
                0x08005244                        . = ALIGN (0x4)
                [!provide]                        PROVIDE (__fini_array_start = .)
 *(SORT_BY_NAME(.fini_array.*))
 *(.fini_array*)
 .fini_array    0x08005244        0x4 C:/ST/STM32CubeIDE_2.1.1/STM32CubeIDE/plugins/com.st.stm32cube.ide.mcu.externaltools.gnu-tools-for-stm32.14.3.rel1.win32_1.0.100.202602081740/tools/bin/../lib/gcc/arm-none-eabi/14.3.1/thumb/v7e-m+fp/hard/crtbegin.o
                [!provide]                        PROVIDE (__fini_array_end = .)
                0x08005248                        . = ALIGN (0x4)
                0x08005248                        _sidata = LOADADDR (.data)

.rel.dyn        0x08005248        0x0
 .rel.iplt      0x08005248        0x0 C:/ST/STM32CubeIDE_2.1.1/STM32CubeIDE/plugins/com.st.stm32cube.ide.mcu.externaltools.gnu-tools-for-stm32.14.3.rel1.win32_1.0.100.202602081740/tools/bin/../lib/gcc/arm-none-eabi/14.3.1/thumb/v7e-m+fp/hard/crtbegin.o

.data           0x20000000       0x14 load address 0x08005248
                0x20000000                        . = ALIGN (0x4)
                0x20000000                        _sdata = .
 *(.data)
 *(.data*)
 .data.debug_pwm_us
                0x20000000        0x2 ./Core/Src/motor_control.o
                0x20000000                debug_pwm_us
 .data.target_pwm_us
                0x20000002        0x2 ./Core/Src/motor_control.o
 .data.speed_setpoint
                0x20000004        0x2 ./Core/Src/motor_control.o
 *fill*         0x20000006        0x2 
 .data.SystemCoreClock
                0x20000008        0x4 ./Core/Src/system_stm32g4xx.o
                0x20000008                SystemCoreClock
 .data.uwTickPrio
                0x2000000c        0x4 ./Drivers/STM32G4xx_HAL_Driver/Src/stm32g4xx_hal.o
                0x2000000c                uwTickPrio
 .data.uwTickFreq
                0x20000010        0x4 ./Drivers/STM32G4xx_HAL_Driver/Src/stm32g4xx_hal.o
                0x20000010                uwTickFreq
 *(.RamFunc)
 *(.RamFunc*)
                0x20000014                        . = ALIGN (0x4)
                0x20000014                        _edata = .

.igot.plt       0x20000014        0x0 load address 0x0800525c
 .igot.plt      0x20000014        0x0 C:/ST/STM32CubeIDE_2.1.1/STM32CubeIDE/plugins/com.st.stm32cube.ide.mcu.externaltools.gnu-tools-for-stm32.14.3.rel1.win32_1.0.100.202602081740/tools/bin/../lib/gcc/arm-none-eabi/14.3.1/thumb/v7e-m+fp/hard/crtbegin.o
                0x20000014                        . = ALIGN (0x4)

.bss            0x20000014      0x184 load address 0x0800525c
                0x20000014                        _sbss = .
                0x20000014                        __bss_start__ = _sbss
 *(.bss)
 .bss           0x20000014       0x1c C:/ST/STM32CubeIDE_2.1.1/STM32CubeIDE/plugins/com.st.stm32cube.ide.mcu.externaltools.gnu-tools-for-stm32.14.3.rel1.win32_1.0.100.202602081740/tools/bin/../lib/gcc/arm-none-eabi/14.3.1/thumb/v7e-m+fp/hard/crtbegin.o
 *(.bss*)
 .bss.latest_raw_rpm
                0x20000030        0x4 ./Core/Src/hall_sensor.o
 .bss.hall_capture_value
                0x20000034        0x4 ./Core/Src/hall_sensor.o
 .bss.debug_hall_capture_prev
                0x20000038        0x4 ./Core/Src/hall_sensor.o
 .bss.debug_hall_capture_delta
                0x2000003c        0x4 ./Core/Src/hall_sensor.o
 .bss.debug_hall_capture_spike_count
                0x20000040        0x4 ./Core/Src/hall_sensor.o
 .bss.hall_edge_seen_since_timeout
                0x20000044        0x1 ./Core/Src/hall_sensor.o
 *fill*         0x20000045        0x3 
 .bss.htim1     0x20000048       0x4c ./Core/Src/main.o
                0x20000048                htim1
 .bss.htim2     0x20000094       0x4c ./Core/Src/main.o
                0x20000094                htim2
 .bss.htim4     0x200000e0       0x4c ./Core/Src/main.o
                0x200000e0                htim4
 .bss.debug_pwm_ccr
                0x2000012c        0x4 ./Core/Src/motor_control.o
                0x2000012c                debug_pwm_ccr
 .bss.motor_pid
                0x20000130       0x20 ./Core/Src/motor_control.o
 .bss.debug_motor_rpm
                0x20000150        0x4 ./Core/Src/motor_control.o
                0x20000150                debug_motor_rpm
 .bss.debug_pid_output
                0x20000154        0x4 ./Core/Src/motor_control.o
                0x20000154                debug_pid_output
 .bss.debug_pid_error
                0x20000158        0x4 ./Core/Src/motor_control.o
                0x20000158                debug_pid_error
 .bss.motor_mode
                0x2000015c        0x1 ./Core/Src/motor_control.o
 *fill*         0x2000015d        0x1 
 .bss.target_rpm
                0x2000015e        0x2 ./Core/Src/motor_control.o
 .bss.rpm_setpoint
                0x20000160        0x4 ./Core/Src/motor_control.o
 .bss.brake_active.0
                0x20000164        0x1 ./Core/Src/motor_control.o
 *fill*         0x20000165        0x3 
 .bss.reg       0x20000168        0x5 ./Core/Src/reg.o
 *fill*         0x2000016d        0x3 
 .bss.i2c_rx_buf
                0x20000170        0x6 ./Core/Src/reg.o
 .bss.i2c_rx_len
                0x20000176        0x2 ./Core/Src/reg.o
 .bss.rpm_lp_filter
                0x20000178       0x10 ./Core/Src/user.o
 .bss.motor_rpm_raw
                0x20000188        0x4 ./Core/Src/user.o
                0x20000188                motor_rpm_raw
 .bss.motor_rpm_filtered
                0x2000018c        0x4 ./Core/Src/user.o
                0x2000018c                motor_rpm_filtered
 .bss.debug_filter_update_count
                0x20000190        0x4 ./Core/Src/user.o
                0x20000190                debug_filter_update_count
 .bss.uwTick    0x20000194        0x4 ./Drivers/STM32G4xx_HAL_Driver/Src/stm32g4xx_hal.o
                0x20000194                uwTick
 *(COMMON)
                0x20000198                        . = ALIGN (0x4)
                0x20000198                        _ebss = .
                0x20000198                        __bss_end__ = _ebss

._user_heap_stack
                0x20000198      0x600 load address 0x0800525c
                0x20000198                        . = ALIGN (0x8)
                [!provide]                        PROVIDE (end = .)
                0x20000198                        PROVIDE (_end = .)
                0x20000398                        . = (. + _Min_Heap_Size)
 *fill*         0x20000198      0x200 
                0x20000798                        . = (. + _Min_Stack_Size)
 *fill*         0x20000398      0x400 
                0x20000798                        . = ALIGN (0x8)

/DISCARD/
 libc.a(*)
 libm.a(*)
 libgcc.a(*)

.ARM.attributes
                0x00000000       0x30
 *(.ARM.attributes)
 .ARM.attributes
                0x00000000       0x22 C:/ST/STM32CubeIDE_2.1.1/STM32CubeIDE/plugins/com.st.stm32cube.ide.mcu.externaltools.gnu-tools-for-stm32.14.3.rel1.win32_1.0.100.202602081740/tools/bin/../lib/gcc/arm-none-eabi/14.3.1/thumb/v7e-m+fp/hard/crti.o
 .ARM.attributes
                0x00000022       0x34 C:/ST/STM32CubeIDE_2.1.1/STM32CubeIDE/plugins/com.st.stm32cube.ide.mcu.externaltools.gnu-tools-for-stm32.14.3.rel1.win32_1.0.100.202602081740/tools/bin/../lib/gcc/arm-none-eabi/14.3.1/thumb/v7e-m+fp/hard/crtbegin.o
 .ARM.attributes
                0x00000056       0x34 ./Core/Src/hall_sensor.o
 .ARM.attributes
                0x0000008a       0x34 ./Core/Src/lp_filter.o
 .ARM.attributes
                0x000000be       0x34 ./Core/Src/main.o
 .ARM.attributes
                0x000000f2       0x34 ./Core/Src/motor_control.o
 .ARM.attributes
                0x00000126       0x34 ./Core/Src/pid.o
 .ARM.attributes
                0x0000015a       0x34 ./Core/Src/reg.o
 .ARM.attributes
                0x0000018e       0x34 ./Core/Src/stm32g4xx_hal_msp.o
 .ARM.attributes
                0x000001c2       0x34 ./Core/Src/stm32g4xx_it.o
 .ARM.attributes
                0x000001f6       0x34 ./Core/Src/system_stm32g4xx.o
 .ARM.attributes
                0x0000022a       0x34 ./Core/Src/user.o
 .ARM.attributes
                0x0000025e       0x21 ./Core/Startup/startup_stm32g431vbtx.o
 .ARM.attributes
                0x0000027f       0x34 ./Drivers/STM32G4xx_HAL_Driver/Src/stm32g4xx_hal.o
 .ARM.attributes
                0x000002b3       0x34 ./Drivers/STM32G4xx_HAL_Driver/Src/stm32g4xx_hal_cortex.o
 .ARM.attributes
                0x000002e7       0x34 ./Drivers/STM32G4xx_HAL_Driver/Src/stm32g4xx_hal_gpio.o
 .ARM.attributes
                0x0000031b       0x34 ./Drivers/STM32G4xx_HAL_Driver/Src/stm32g4xx_hal_pwr_ex.o
 .ARM.attributes
                0x0000034f       0x34 ./Drivers/STM32G4xx_HAL_Driver/Src/stm32g4xx_hal_rcc.o
 .ARM.attributes
                0x00000383       0x34 ./Drivers/STM32G4xx_HAL_Driver/Src/stm32g4xx_hal_rcc_ex.o
 .ARM.attributes
                0x000003b7       0x34 ./Drivers/STM32G4xx_HAL_Driver/Src/stm32g4xx_hal_tim.o
 .ARM.attributes
                0x000003eb       0x34 ./Drivers/STM32G4xx_HAL_Driver/Src/stm32g4xx_hal_tim_ex.o
 .ARM.attributes
                0x0000041f       0x34 ./Drivers/STM32G4xx_HAL_Driver/Src/stm32g4xx_ll_gpio.o
 .ARM.attributes
                0x00000453       0x34 ./Drivers/STM32G4xx_HAL_Driver/Src/stm32g4xx_ll_i2c.o
 .ARM.attributes
                0x00000487       0x34 C:/ST/STM32CubeIDE_2.1.1/STM32CubeIDE/plugins/com.st.stm32cube.ide.mcu.externaltools.gnu-tools-for-stm32.14.3.rel1.win32_1.0.100.202602081740/tools/bin/../lib/gcc/arm-none-eabi/14.3.1/../../../../arm-none-eabi/lib/thumb/v7e-m+fp/hard\libc_nano.a(libc_a-memset.o)
 .ARM.attributes
                0x000004bb       0x34 C:/ST/STM32CubeIDE_2.1.1/STM32CubeIDE/plugins/com.st.stm32cube.ide.mcu.externaltools.gnu-tools-for-stm32.14.3.rel1.win32_1.0.100.202602081740/tools/bin/../lib/gcc/arm-none-eabi/14.3.1/../../../../arm-none-eabi/lib/thumb/v7e-m+fp/hard\libc_nano.a(libc_a-init.o)
 .ARM.attributes
                0x000004ef       0x34 C:/ST/STM32CubeIDE_2.1.1/STM32CubeIDE/plugins/com.st.stm32cube.ide.mcu.externaltools.gnu-tools-for-stm32.14.3.rel1.win32_1.0.100.202602081740/tools/bin/../lib/gcc/arm-none-eabi/14.3.1/../../../../arm-none-eabi/lib/thumb/v7e-m+fp/hard\libc_nano.a(libc_a-memcpy-stub.o)
 .ARM.attributes
                0x00000523       0x22 C:/ST/STM32CubeIDE_2.1.1/STM32CubeIDE/plugins/com.st.stm32cube.ide.mcu.externaltools.gnu-tools-for-stm32.14.3.rel1.win32_1.0.100.202602081740/tools/bin/../lib/gcc/arm-none-eabi/14.3.1/thumb/v7e-m+fp/hard/crtn.o
OUTPUT(PID_motor_controller_G4.elf elf32-littlearm)
LOAD linker stubs
LOAD C:/ST/STM32CubeIDE_2.1.1/STM32CubeIDE/plugins/com.st.stm32cube.ide.mcu.externaltools.gnu-tools-for-stm32.14.3.rel1.win32_1.0.100.202602081740/tools/bin/../lib/gcc/arm-none-eabi/14.3.1/../../../../arm-none-eabi/lib/thumb/v7e-m+fp/hard\libc.a
LOAD C:/ST/STM32CubeIDE_2.1.1/STM32CubeIDE/plugins/com.st.stm32cube.ide.mcu.externaltools.gnu-tools-for-stm32.14.3.rel1.win32_1.0.100.202602081740/tools/bin/../lib/gcc/arm-none-eabi/14.3.1/../../../../arm-none-eabi/lib/thumb/v7e-m+fp/hard\libm.a
LOAD C:/ST/STM32CubeIDE_2.1.1/STM32CubeIDE/plugins/com.st.stm32cube.ide.mcu.externaltools.gnu-tools-for-stm32.14.3.rel1.win32_1.0.100.202602081740/tools/bin/../lib/gcc/arm-none-eabi/14.3.1/thumb/v7e-m+fp/hard\libgcc.a

.debug_info     0x00000000    0x10739
 .debug_info    0x00000000      0x9e9 ./Core/Src/hall_sensor.o
 .debug_info    0x000009e9      0x171 ./Core/Src/lp_filter.o
 .debug_info    0x00000b5a     0x1cda ./Core/Src/main.o
 .debug_info    0x00002834      0xdbc ./Core/Src/motor_control.o
 .debug_info    0x000035f0      0x1b1 ./Core/Src/pid.o
 .debug_info    0x000037a1      0xa27 ./Core/Src/reg.o
 .debug_info    0x000041c8      0xd3b ./Core/Src/stm32g4xx_hal_msp.o
 .debug_info    0x00004f03      0xc1d ./Core/Src/stm32g4xx_it.o
 .debug_info    0x00005b20      0x58e ./Core/Src/system_stm32g4xx.o
 .debug_info    0x000060ae      0xc05 ./Core/Src/user.o
 .debug_info    0x00006cb3       0x30 ./Core/Startup/startup_stm32g431vbtx.o
 .debug_info    0x00006ce3      0xadb ./Drivers/STM32G4xx_HAL_Driver/Src/stm32g4xx_hal.o
 .debug_info    0x000077be      0xd3f ./Drivers/STM32G4xx_HAL_Driver/Src/stm32g4xx_hal_cortex.o
 .debug_info    0x000084fd      0x772 ./Drivers/STM32G4xx_HAL_Driver/Src/stm32g4xx_hal_gpio.o
 .debug_info    0x00008c6f      0x944 ./Drivers/STM32G4xx_HAL_Driver/Src/stm32g4xx_hal_pwr_ex.o
 .debug_info    0x000095b3      0xb9b ./Drivers/STM32G4xx_HAL_Driver/Src/stm32g4xx_hal_rcc.o
 .debug_info    0x0000a14e      0xc2d ./Drivers/STM32G4xx_HAL_Driver/Src/stm32g4xx_hal_rcc_ex.o
 .debug_info    0x0000ad7b     0x2c52 ./Drivers/STM32G4xx_HAL_Driver/Src/stm32g4xx_hal_tim.o
 .debug_info    0x0000d9cd     0x1d95 ./Drivers/STM32G4xx_HAL_Driver/Src/stm32g4xx_hal_tim_ex.o
 .debug_info    0x0000f762      0x965 ./Drivers/STM32G4xx_HAL_Driver/Src/stm32g4xx_ll_gpio.o
 .debug_info    0x000100c7      0x672 ./Drivers/STM32G4xx_HAL_Driver/Src/stm32g4xx_ll_i2c.o

.debug_abbrev   0x00000000     0x2d3f
 .debug_abbrev  0x00000000      0x25e ./Core/Src/hall_sensor.o
 .debug_abbrev  0x0000025e       0xd5 ./Core/Src/lp_filter.o
 .debug_abbrev  0x00000333      0x333 ./Core/Src/main.o
 .debug_abbrev  0x00000666      0x321 ./Core/Src/motor_control.o
 .debug_abbrev  0x00000987       0xee ./Core/Src/pid.o
 .debug_abbrev  0x00000a75      0x24d ./Core/Src/reg.o
 .debug_abbrev  0x00000cc2      0x21c ./Core/Src/stm32g4xx_hal_msp.o
 .debug_abbrev  0x00000ede      0x2a6 ./Core/Src/stm32g4xx_it.o
 .debug_abbrev  0x00001184      0x11a ./Core/Src/system_stm32g4xx.o
 .debug_abbrev  0x0000129e      0x2a8 ./Core/Src/user.o
 .debug_abbrev  0x00001546       0x24 ./Core/Startup/startup_stm32g431vbtx.o
 .debug_abbrev  0x0000156a      0x271 ./Drivers/STM32G4xx_HAL_Driver/Src/stm32g4xx_hal.o
 .debug_abbrev  0x000017db      0x31c ./Drivers/STM32G4xx_HAL_Driver/Src/stm32g4xx_hal_cortex.o
 .debug_abbrev  0x00001af7      0x1d2 ./Drivers/STM32G4xx_HAL_Driver/Src/stm32g4xx_hal_gpio.o
 .debug_abbrev  0x00001cc9      0x22c ./Drivers/STM32G4xx_HAL_Driver/Src/stm32g4xx_hal_pwr_ex.o
 .debug_abbrev  0x00001ef5      0x2c9 ./Drivers/STM32G4xx_HAL_Driver/Src/stm32g4xx_hal_rcc.o
 .debug_abbrev  0x000021be      0x261 ./Drivers/STM32G4xx_HAL_Driver/Src/stm32g4xx_hal_rcc_ex.o
 .debug_abbrev  0x0000241f      0x2a7 ./Drivers/STM32G4xx_HAL_Driver/Src/stm32g4xx_hal_tim.o
 .debug_abbrev  0x000026c6      0x2c5 ./Drivers/STM32G4xx_HAL_Driver/Src/stm32g4xx_hal_tim_ex.o
 .debug_abbrev  0x0000298b      0x23c ./Drivers/STM32G4xx_HAL_Driver/Src/stm32g4xx_ll_gpio.o
 .debug_abbrev  0x00002bc7      0x178 ./Drivers/STM32G4xx_HAL_Driver/Src/stm32g4xx_ll_i2c.o

.debug_aranges  0x00000000     0x10c0
 .debug_aranges
                0x00000000       0x68 ./Core/Src/hall_sensor.o
 .debug_aranges
                0x00000068       0x28 ./Core/Src/lp_filter.o
 .debug_aranges
                0x00000090       0xc0 ./Core/Src/main.o
 .debug_aranges
                0x00000150       0x70 ./Core/Src/motor_control.o
 .debug_aranges
                0x000001c0       0x30 ./Core/Src/pid.o
 .debug_aranges
                0x000001f0       0x98 ./Core/Src/reg.o
 .debug_aranges
                0x00000288       0x48 ./Core/Src/stm32g4xx_hal_msp.o
 .debug_aranges
                0x000002d0       0xf0 ./Core/Src/stm32g4xx_it.o
 .debug_aranges
                0x000003c0       0x28 ./Core/Src/system_stm32g4xx.o
 .debug_aranges
                0x000003e8       0x48 ./Core/Src/user.o
 .debug_aranges
                0x00000430       0x28 ./Core/Startup/startup_stm32g431vbtx.o
 .debug_aranges
                0x00000458      0x148 ./Drivers/STM32G4xx_HAL_Driver/Src/stm32g4xx_hal.o
 .debug_aranges
                0x000005a0      0x128 ./Drivers/STM32G4xx_HAL_Driver/Src/stm32g4xx_hal_cortex.o
 .debug_aranges
                0x000006c8       0x58 ./Drivers/STM32G4xx_HAL_Driver/Src/stm32g4xx_hal_gpio.o
 .debug_aranges
                0x00000720      0x140 ./Drivers/STM32G4xx_HAL_Driver/Src/stm32g4xx_hal_pwr_ex.o
 .debug_aranges
                0x00000860       0x98 ./Drivers/STM32G4xx_HAL_Driver/Src/stm32g4xx_hal_rcc.o
 .debug_aranges
                0x000008f8       0xb0 ./Drivers/STM32G4xx_HAL_Driver/Src/stm32g4xx_hal_rcc_ex.o
 .debug_aranges
                0x000009a8      0x3e0 ./Drivers/STM32G4xx_HAL_Driver/Src/stm32g4xx_hal_tim.o
 .debug_aranges
                0x00000d88      0x240 ./Drivers/STM32G4xx_HAL_Driver/Src/stm32g4xx_hal_tim_ex.o
 .debug_aranges
                0x00000fc8       0x70 ./Drivers/STM32G4xx_HAL_Driver/Src/stm32g4xx_ll_gpio.o
 .debug_aranges
                0x00001038       0x88 ./Drivers/STM32G4xx_HAL_Driver/Src/stm32g4xx_ll_i2c.o

.debug_rnglists
                0x00000000      0xcbd
 .debug_rnglists
                0x00000000       0x49 ./Core/Src/hall_sensor.o
 .debug_rnglists
                0x00000049       0x1a ./Core/Src/lp_filter.o
 .debug_rnglists
                0x00000063       0x91 ./Core/Src/main.o
 .debug_rnglists
                0x000000f4       0x53 ./Core/Src/motor_control.o
 .debug_rnglists
                0x00000147       0x21 ./Core/Src/pid.o
 .debug_rnglists
                0x00000168       0x6e ./Core/Src/reg.o
 .debug_rnglists
                0x000001d6       0x32 ./Core/Src/stm32g4xx_hal_msp.o
 .debug_rnglists
                0x00000208       0xaf ./Core/Src/stm32g4xx_it.o
 .debug_rnglists
                0x000002b7       0x1a ./Core/Src/system_stm32g4xx.o
 .debug_rnglists
                0x000002d1       0x32 ./Core/Src/user.o
 .debug_rnglists
                0x00000303       0x19 ./Core/Startup/startup_stm32g431vbtx.o
 .debug_rnglists
                0x0000031c       0xf1 ./Drivers/STM32G4xx_HAL_Driver/Src/stm32g4xx_hal.o
 .debug_rnglists
                0x0000040d       0xda ./Drivers/STM32G4xx_HAL_Driver/Src/stm32g4xx_hal_cortex.o
 .debug_rnglists
                0x000004e7       0x3f ./Drivers/STM32G4xx_HAL_Driver/Src/stm32g4xx_hal_gpio.o
 .debug_rnglists
                0x00000526       0xf1 ./Drivers/STM32G4xx_HAL_Driver/Src/stm32g4xx_hal_pwr_ex.o
 .debug_rnglists
                0x00000617       0x74 ./Drivers/STM32G4xx_HAL_Driver/Src/stm32g4xx_hal_rcc.o
 .debug_rnglists
                0x0000068b       0x87 ./Drivers/STM32G4xx_HAL_Driver/Src/stm32g4xx_hal_rcc_ex.o
 .debug_rnglists
                0x00000712      0x32d ./Drivers/STM32G4xx_HAL_Driver/Src/stm32g4xx_hal_tim.o
 .debug_rnglists
                0x00000a3f      0x1cc ./Drivers/STM32G4xx_HAL_Driver/Src/stm32g4xx_hal_tim_ex.o
 .debug_rnglists
                0x00000c0b       0x51 ./Drivers/STM32G4xx_HAL_Driver/Src/stm32g4xx_ll_gpio.o
 .debug_rnglists
                0x00000c5c       0x61 ./Drivers/STM32G4xx_HAL_Driver/Src/stm32g4xx_ll_i2c.o

.debug_macro    0x00000000    0x209c9
 .debug_macro   0x00000000      0x251 ./Core/Src/hall_sensor.o
 .debug_macro   0x00000251      0xade ./Core/Src/hall_sensor.o
 .debug_macro   0x00000d2f       0x22 ./Core/Src/hall_sensor.o
 .debug_macro   0x00000d51       0x8e ./Core/Src/hall_sensor.o
 .debug_macro   0x00000ddf       0x51 ./Core/Src/hall_sensor.o
 .debug_macro   0x00000e30      0x103 ./Core/Src/hall_sensor.o
 .debug_macro   0x00000f33       0x6a ./Core/Src/hall_sensor.o
 .debug_macro   0x00000f9d      0x1df ./Core/Src/hall_sensor.o
 .debug_macro   0x0000117c      0x155 ./Core/Src/hall_sensor.o
 .debug_macro   0x000012d1       0x2e ./Core/Src/hall_sensor.o
 .debug_macro   0x000012ff       0x28 ./Core/Src/hall_sensor.o
 .debug_macro   0x00001327       0x1c ./Core/Src/hall_sensor.o
 .debug_macro   0x00001343       0x22 ./Core/Src/hall_sensor.o
 .debug_macro   0x00001365       0xfb ./Core/Src/hall_sensor.o
 .debug_macro   0x00001460     0x1011 ./Core/Src/hall_sensor.o
 .debug_macro   0x00002471      0x11f ./Core/Src/hall_sensor.o
 .debug_macro   0x00002590    0x1138f ./Core/Src/hall_sensor.o
 .debug_macro   0x0001391f       0x6d ./Core/Src/hall_sensor.o
 .debug_macro   0x0001398c     0x3558 ./Core/Src/hall_sensor.o
 .debug_macro   0x00016ee4      0x190 ./Core/Src/hall_sensor.o
 .debug_macro   0x00017074       0x5c ./Core/Src/hall_sensor.o
 .debug_macro   0x000170d0     0x141d ./Core/Src/hall_sensor.o
 .debug_macro   0x000184ed      0x535 ./Core/Src/hall_sensor.o
 .debug_macro   0x00018a22      0x1b6 ./Core/Src/hall_sensor.o
 .debug_macro   0x00018bd8      0x288 ./Core/Src/hall_sensor.o
 .debug_macro   0x00018e60      0x41d ./Core/Src/hall_sensor.o
 .debug_macro   0x0001927d      0x18b ./Core/Src/hall_sensor.o
 .debug_macro   0x00019408       0x43 ./Core/Src/hall_sensor.o
 .debug_macro   0x0001944b      0x23d ./Core/Src/hall_sensor.o
 .debug_macro   0x00019688      0x211 ./Core/Src/hall_sensor.o
 .debug_macro   0x00019899      0x401 ./Core/Src/hall_sensor.o
 .debug_macro   0x00019c9a      0x107 ./Core/Src/hall_sensor.o
 .debug_macro   0x00019da1      0x122 ./Core/Src/hall_sensor.o
 .debug_macro   0x00019ec3      0x3d1 ./Core/Src/hall_sensor.o
 .debug_macro   0x0001a294      0xbda ./Core/Src/hall_sensor.o
 .debug_macro   0x0001ae6e      0x47e ./Core/Src/hall_sensor.o
 .debug_macro   0x0001b2ec      0x306 ./Core/Src/hall_sensor.o
 .debug_macro   0x0001b5f2      0x24d ./Core/Src/hall_sensor.o
 .debug_macro   0x0001b83f      0x188 ./Core/Src/hall_sensor.o
 .debug_macro   0x0001b9c7      0x1a6 ./Core/Src/hall_sensor.o
 .debug_macro   0x0001bb6d      0x5f7 ./Core/Src/hall_sensor.o
 .debug_macro   0x0001c164      0x28c ./Core/Src/hall_sensor.o
 .debug_macro   0x0001c3f0       0xa0 ./Core/Src/hall_sensor.o
 .debug_macro   0x0001c490      0x231 ./Core/Src/hall_sensor.o
 .debug_macro   0x0001c6c1      0x169 ./Core/Src/hall_sensor.o
 .debug_macro   0x0001c82a      0x63e ./Core/Src/hall_sensor.o
 .debug_macro   0x0001ce68      0x24e ./Core/Src/hall_sensor.o
 .debug_macro   0x0001d0b6      0x155 ./Core/Src/hall_sensor.o
 .debug_macro   0x0001d20b       0x34 ./Core/Src/hall_sensor.o
 .debug_macro   0x0001d23f       0x7c ./Core/Src/hall_sensor.o
 .debug_macro   0x0001d2bb      0x24b ./Core/Src/lp_filter.o
 .debug_macro   0x0001d506      0x23c ./Core/Src/main.o
 .debug_macro   0x0001d742      0x26b ./Core/Src/motor_control.o
 .debug_macro   0x0001d9ad       0x1c ./Core/Src/motor_control.o
 .debug_macro   0x0001d9c9       0x3a ./Core/Src/motor_control.o
 .debug_macro   0x0001da03       0x82 ./Core/Src/motor_control.o
 .debug_macro   0x0001da85       0x1b ./Core/Src/pid.o
 .debug_macro   0x0001daa0      0x32f ./Core/Src/reg.o
 .debug_macro   0x0001ddcf       0x61 ./Core/Src/reg.o
 .debug_macro   0x0001de30       0x2a ./Core/Src/reg.o
 .debug_macro   0x0001de5a       0x43 ./Core/Src/reg.o
 .debug_macro   0x0001de9d       0x34 ./Core/Src/reg.o
 .debug_macro   0x0001ded1      0x364 ./Core/Src/reg.o
 .debug_macro   0x0001e235       0x16 ./Core/Src/reg.o
 .debug_macro   0x0001e24b       0x4a ./Core/Src/reg.o
 .debug_macro   0x0001e295       0x34 ./Core/Src/reg.o
 .debug_macro   0x0001e2c9       0x10 ./Core/Src/reg.o
 .debug_macro   0x0001e2d9       0x58 ./Core/Src/reg.o
 .debug_macro   0x0001e331       0x8e ./Core/Src/reg.o
 .debug_macro   0x0001e3bf       0x1c ./Core/Src/reg.o
 .debug_macro   0x0001e3db      0x17e ./Core/Src/reg.o
 .debug_macro   0x0001e559       0x10 ./Core/Src/reg.o
 .debug_macro   0x0001e569       0x3c ./Core/Src/reg.o
 .debug_macro   0x0001e5a5       0x20 ./Core/Src/reg.o
 .debug_macro   0x0001e5c5       0x10 ./Core/Src/reg.o
 .debug_macro   0x0001e5d5      0x242 ./Core/Src/reg.o
 .debug_macro   0x0001e817      0x232 ./Core/Src/stm32g4xx_hal_msp.o
 .debug_macro   0x0001ea49      0x23c ./Core/Src/stm32g4xx_it.o
 .debug_macro   0x0001ec85      0x1cc ./Core/Src/system_stm32g4xx.o
 .debug_macro   0x0001ee51      0x332 ./Core/Src/user.o
 .debug_macro   0x0001f183       0x40 ./Core/Src/user.o
 .debug_macro   0x0001f1c3      0x19b ./Core/Src/user.o
 .debug_macro   0x0001f35e      0x208 ./Drivers/STM32G4xx_HAL_Driver/Src/stm32g4xx_hal.o
 .debug_macro   0x0001f566      0x1ba ./Drivers/STM32G4xx_HAL_Driver/Src/stm32g4xx_hal_cortex.o
 .debug_macro   0x0001f720      0x1c1 ./Drivers/STM32G4xx_HAL_Driver/Src/stm32g4xx_hal_gpio.o
 .debug_macro   0x0001f8e1      0x1e4 ./Drivers/STM32G4xx_HAL_Driver/Src/stm32g4xx_hal_pwr_ex.o
 .debug_macro   0x0001fac5      0x1fc ./Drivers/STM32G4xx_HAL_Driver/Src/stm32g4xx_hal_rcc.o
 .debug_macro   0x0001fcc1      0x1e4 ./Drivers/STM32G4xx_HAL_Driver/Src/stm32g4xx_hal_rcc_ex.o
 .debug_macro   0x0001fea5      0x1c2 ./Drivers/STM32G4xx_HAL_Driver/Src/stm32g4xx_hal_tim.o
 .debug_macro   0x00020067      0x1c0 ./Drivers/STM32G4xx_HAL_Driver/Src/stm32g4xx_hal_tim_ex.o
 .debug_macro   0x00020227      0x1fc ./Drivers/STM32G4xx_HAL_Driver/Src/stm32g4xx_ll_gpio.o
 .debug_macro   0x00020423      0x163 ./Drivers/STM32G4xx_HAL_Driver/Src/stm32g4xx_ll_gpio.o
 .debug_macro   0x00020586      0x1fc ./Drivers/STM32G4xx_HAL_Driver/Src/stm32g4xx_ll_i2c.o
 .debug_macro   0x00020782      0x247 ./Drivers/STM32G4xx_HAL_Driver/Src/stm32g4xx_ll_i2c.o

.debug_line     0x00000000    0x12241
 .debug_line    0x00000000      0x97d ./Core/Src/hall_sensor.o
 .debug_line    0x0000097d      0x8ae ./Core/Src/lp_filter.o
 .debug_line    0x0000122b      0xc92 ./Core/Src/main.o
 .debug_line    0x00001ebd      0xa9e ./Core/Src/motor_control.o
 .debug_line    0x0000295b      0x148 ./Core/Src/pid.o
 .debug_line    0x00002aa3      0xbcd ./Core/Src/reg.o
 .debug_line    0x00003670      0x907 ./Core/Src/stm32g4xx_hal_msp.o
 .debug_line    0x00003f77      0xb71 ./Core/Src/stm32g4xx_it.o
 .debug_line    0x00004ae8      0x7a5 ./Core/Src/system_stm32g4xx.o
 .debug_line    0x0000528d      0xada ./Core/Src/user.o
 .debug_line    0x00005d67       0x7b ./Core/Startup/startup_stm32g431vbtx.o
 .debug_line    0x00005de2      0xb6e ./Drivers/STM32G4xx_HAL_Driver/Src/stm32g4xx_hal.o
 .debug_line    0x00006950      0xcd0 ./Drivers/STM32G4xx_HAL_Driver/Src/stm32g4xx_hal_cortex.o
 .debug_line    0x00007620      0xb57 ./Drivers/STM32G4xx_HAL_Driver/Src/stm32g4xx_hal_gpio.o
 .debug_line    0x00008177      0xcca ./Drivers/STM32G4xx_HAL_Driver/Src/stm32g4xx_hal_pwr_ex.o
 .debug_line    0x00008e41      0xfee ./Drivers/STM32G4xx_HAL_Driver/Src/stm32g4xx_hal_rcc.o
 .debug_line    0x00009e2f     0x111b ./Drivers/STM32G4xx_HAL_Driver/Src/stm32g4xx_hal_rcc_ex.o
 .debug_line    0x0000af4a     0x3f66 ./Drivers/STM32G4xx_HAL_Driver/Src/stm32g4xx_hal_tim.o
 .debug_line    0x0000eeb0     0x1fb2 ./Drivers/STM32G4xx_HAL_Driver/Src/stm32g4xx_hal_tim_ex.o
 .debug_line    0x00010e62      0xacf ./Drivers/STM32G4xx_HAL_Driver/Src/stm32g4xx_ll_gpio.o
 .debug_line    0x00011931      0x910 ./Drivers/STM32G4xx_HAL_Driver/Src/stm32g4xx_ll_i2c.o

.debug_str      0x00000000    0xcd8c7
 .debug_str     0x00000000    0xcd8c7 ./Core/Src/hall_sensor.o
                              0xc53bb (size before relaxing)
 .debug_str     0x000cd8c7    0xc4b9e ./Core/Src/lp_filter.o
 .debug_str     0x000cd8c7    0xc5e94 ./Core/Src/main.o
 .debug_str     0x000cd8c7    0xc56bb ./Core/Src/motor_control.o
 .debug_str     0x000cd8c7     0x2f1f ./Core/Src/pid.o
 .debug_str     0x000cd8c7    0xc865d ./Core/Src/reg.o
 .debug_str     0x000cd8c7    0xc5173 ./Core/Src/stm32g4xx_hal_msp.o
 .debug_str     0x000cd8c7    0xc5190 ./Core/Src/stm32g4xx_it.o
 .debug_str     0x000cd8c7    0xb819e ./Core/Src/system_stm32g4xx.o
 .debug_str     0x000cd8c7    0xc8f2d ./Core/Src/user.o
 .debug_str     0x000cd8c7       0x7f ./Core/Startup/startup_stm32g431vbtx.o
 .debug_str     0x000cd8c7    0xb8c89 ./Drivers/STM32G4xx_HAL_Driver/Src/stm32g4xx_hal.o
 .debug_str     0x000cd8c7    0xb8945 ./Drivers/STM32G4xx_HAL_Driver/Src/stm32g4xx_hal_cortex.o
 .debug_str     0x000cd8c7    0xb82d5 ./Drivers/STM32G4xx_HAL_Driver/Src/stm32g4xx_hal_gpio.o
 .debug_str     0x000cd8c7    0xb8638 ./Drivers/STM32G4xx_HAL_Driver/Src/stm32g4xx_hal_pwr_ex.o
 .debug_str     0x000cd8c7    0xb8843 ./Drivers/STM32G4xx_HAL_Driver/Src/stm32g4xx_hal_rcc.o
 .debug_str     0x000cd8c7    0xb8844 ./Drivers/STM32G4xx_HAL_Driver/Src/stm32g4xx_hal_rcc_ex.o
 .debug_str     0x000cd8c7    0xb9648 ./Drivers/STM32G4xx_HAL_Driver/Src/stm32g4xx_hal_tim.o
 .debug_str     0x000cd8c7    0xb92bc ./Drivers/STM32G4xx_HAL_Driver/Src/stm32g4xx_hal_tim_ex.o
 .debug_str     0x000cd8c7    0xb99d0 ./Drivers/STM32G4xx_HAL_Driver/Src/stm32g4xx_ll_gpio.o
 .debug_str     0x000cd8c7    0xb9f28 ./Drivers/STM32G4xx_HAL_Driver/Src/stm32g4xx_ll_i2c.o

.comment        0x00000000       0x43
 .comment       0x00000000       0x43 ./Core/Src/hall_sensor.o
                                 0x44 (size before relaxing)
 .comment       0x00000043       0x44 ./Core/Src/lp_filter.o
 .comment       0x00000043       0x44 ./Core/Src/main.o
 .comment       0x00000043       0x44 ./Core/Src/motor_control.o
 .comment       0x00000043       0x44 ./Core/Src/pid.o
 .comment       0x00000043       0x44 ./Core/Src/reg.o
 .comment       0x00000043       0x44 ./Core/Src/stm32g4xx_hal_msp.o
 .comment       0x00000043       0x44 ./Core/Src/stm32g4xx_it.o
 .comment       0x00000043       0x44 ./Core/Src/system_stm32g4xx.o
 .comment       0x00000043       0x44 ./Core/Src/user.o
 .comment       0x00000043       0x44 ./Drivers/STM32G4xx_HAL_Driver/Src/stm32g4xx_hal.o
 .comment       0x00000043       0x44 ./Drivers/STM32G4xx_HAL_Driver/Src/stm32g4xx_hal_cortex.o
 .comment       0x00000043       0x44 ./Drivers/STM32G4xx_HAL_Driver/Src/stm32g4xx_hal_gpio.o
 .comment       0x00000043       0x44 ./Drivers/STM32G4xx_HAL_Driver/Src/stm32g4xx_hal_pwr_ex.o
 .comment       0x00000043       0x44 ./Drivers/STM32G4xx_HAL_Driver/Src/stm32g4xx_hal_rcc.o
 .comment       0x00000043       0x44 ./Drivers/STM32G4xx_HAL_Driver/Src/stm32g4xx_hal_rcc_ex.o
 .comment       0x00000043       0x44 ./Drivers/STM32G4xx_HAL_Driver/Src/stm32g4xx_hal_tim.o
 .comment       0x00000043       0x44 ./Drivers/STM32G4xx_HAL_Driver/Src/stm32g4xx_hal_tim_ex.o
 .comment       0x00000043       0x44 ./Drivers/STM32G4xx_HAL_Driver/Src/stm32g4xx_ll_gpio.o
 .comment       0x00000043       0x44 ./Drivers/STM32G4xx_HAL_Driver/Src/stm32g4xx_ll_i2c.o

.debug_frame    0x00000000     0x40b4
 .debug_frame   0x00000000      0x140 ./Core/Src/hall_sensor.o
 .debug_frame   0x00000140       0x58 ./Core/Src/lp_filter.o
 .debug_frame   0x00000198      0x2ec ./Core/Src/main.o
 .debug_frame   0x00000484      0x18c ./Core/Src/motor_control.o
 .debug_frame   0x00000610       0x7c ./Core/Src/pid.o
 .debug_frame   0x0000068c      0x240 ./Core/Src/reg.o
 .debug_frame   0x000008cc       0xe8 ./Core/Src/stm32g4xx_hal_msp.o
 .debug_frame   0x000009b4      0x368 ./Core/Src/stm32g4xx_it.o
 .debug_frame   0x00000d1c       0x50 ./Core/Src/system_stm32g4xx.o
 .debug_frame   0x00000d6c       0xd4 ./Core/Src/user.o
 .debug_frame   0x00000e40      0x480 ./Drivers/STM32G4xx_HAL_Driver/Src/stm32g4xx_hal.o
 .debug_frame   0x000012c0      0x49c ./Drivers/STM32G4xx_HAL_Driver/Src/stm32g4xx_hal_cortex.o
 .debug_frame   0x0000175c      0x130 ./Drivers/STM32G4xx_HAL_Driver/Src/stm32g4xx_hal_gpio.o
 .debug_frame   0x0000188c      0x46c ./Drivers/STM32G4xx_HAL_Driver/Src/stm32g4xx_hal_pwr_ex.o
 .debug_frame   0x00001cf8      0x218 ./Drivers/STM32G4xx_HAL_Driver/Src/stm32g4xx_hal_rcc.o
 .debug_frame   0x00001f10      0x27c ./Drivers/STM32G4xx_HAL_Driver/Src/stm32g4xx_hal_rcc_ex.o
 .debug_frame   0x0000218c     0x1144 ./Drivers/STM32G4xx_HAL_Driver/Src/stm32g4xx_hal_tim.o
 .debug_frame   0x000032d0      0x9cc ./Drivers/STM32G4xx_HAL_Driver/Src/stm32g4xx_hal_tim_ex.o
 .debug_frame   0x00003c9c      0x19c ./Drivers/STM32G4xx_HAL_Driver/Src/stm32g4xx_ll_gpio.o
 .debug_frame   0x00003e38      0x208 ./Drivers/STM32G4xx_HAL_Driver/Src/stm32g4xx_ll_i2c.o
 .debug_frame   0x00004040       0x20 C:/ST/STM32CubeIDE_2.1.1/STM32CubeIDE/plugins/com.st.stm32cube.ide.mcu.externaltools.gnu-tools-for-stm32.14.3.rel1.win32_1.0.100.202602081740/tools/bin/../lib/gcc/arm-none-eabi/14.3.1/../../../../arm-none-eabi/lib/thumb/v7e-m+fp/hard\libc_nano.a(libc_a-memset.o)
 .debug_frame   0x00004060       0x2c C:/ST/STM32CubeIDE_2.1.1/STM32CubeIDE/plugins/com.st.stm32cube.ide.mcu.externaltools.gnu-tools-for-stm32.14.3.rel1.win32_1.0.100.202602081740/tools/bin/../lib/gcc/arm-none-eabi/14.3.1/../../../../arm-none-eabi/lib/thumb/v7e-m+fp/hard\libc_nano.a(libc_a-init.o)
 .debug_frame   0x0000408c       0x28 C:/ST/STM32CubeIDE_2.1.1/STM32CubeIDE/plugins/com.st.stm32cube.ide.mcu.externaltools.gnu-tools-for-stm32.14.3.rel1.win32_1.0.100.202602081740/tools/bin/../lib/gcc/arm-none-eabi/14.3.1/../../../../arm-none-eabi/lib/thumb/v7e-m+fp/hard\libc_nano.a(libc_a-memcpy-stub.o)

.debug_line_str
                0x00000000       0x63
 .debug_line_str
                0x00000000       0x63 ./Core/Startup/startup_stm32g431vbtx.o
